// Jest Snapshot v1, https://goo.gl/fbAQLP

exports[`Toolbar renders an actions component 1`] = `
<div
  className="ui inverted vertical left fixed menu"
>
  <div
    className="blue active item"
    onClick={[Function]}
  >
    <img
      alt="Plone Toolbar"
      src="plone-toolbarlogo.svg"
    />
  </div>
  <a
    className="item"
    onClick={[Function]}
    style={Object {}}
  >
    <span>
      <i
        aria-hidden="true"
        className="write icon"
      />
       Edit
    </span>
  </a>
  <a
    className="item active"
    onClick={[Function]}
    style={Object {}}
  >
    <span>
      <i
        aria-hidden="true"
        className="eye icon"
      />
       View
    </span>
  </a>
  <div
    id="types"
  />
  <div
    id="workflow"
  />
  <div
    id="actions"
  />
  <div
    id="display"
  />
  <a
    className="item"
    onClick={[Function]}
    style={Object {}}
  >
    <span>
      <i
        aria-hidden="true"
        className="users icon"
      />
       Sharing
    </span>
  </a>
  <div
    aria-busy={undefined}
    aria-disabled={undefined}
    aria-expanded={false}
    aria-multiselectable={undefined}
    className="ui item left pointing personal-bar dropdown"
    onBlur={[Function]}
    onChange={[Function]}
    onClick={[Function]}
    onFocus={[Function]}
    onMouseDown={[Function]}
    role="listbox"
    tabIndex={0}
  >
    <span>
      <i
        aria-hidden="true"
        className="user icon"
      />
       
      John Doe
    </span>
    <i
      aria-hidden="true"
      className="dropdown icon"
    />
    <div
      className="menu transition"
    >
      <a
        className="item"
        onClick={[Function]}
        style={Object {}}
      >
        <span>
          <i
            aria-hidden="true"
            className="sign out icon"
          />
           Log out
        </span>
      </a>
    </div>
  </div>
</div>
`;
