// Jest Snapshot v1, https://goo.gl/fbAQLP

exports[`renders a layout component 1`] = `<div />`;
