// Jest Snapshot v1, https://goo.gl/fbAQLP

exports[`renders an array widget component 1`] = `
<div
  className="field"
>
  <label
    htmlFor="field-my-field"
  >
    My field
  </label>
  <textarea
    id="field-my-field"
    name="my-field"
    onChange={[Function]}
    onInput={[Function]}
    rows={3}
    style={
      Object {
        "resize": "",
      }
    }
    value=""
  />
</div>
`;
