// Jest Snapshot v1, https://goo.gl/fbAQLP

exports[`renders a datetime widget component 1`] = `
<div
  className="field"
>
  <label
    htmlFor="field-my-field"
  >
    My field
  </label>
  <div
    className="ui input"
  >
    <input
      id="field-my-field"
      name="my-field"
      onChange={[Function]}
      type="datetime-local"
      value=""
    />
  </div>
</div>
`;
