// Jest Snapshot v1, https://goo.gl/fbAQLP

exports[`renders an array widget component 1`] = `
<div
  className="inline field"
  id="field-my-field"
>
  <div
    className="ui grid"
  >
    <div
      className="stretched row"
    >
      <div
        className="four wide column"
      >
        <div
          className="wrapper"
        >
          <label
            htmlFor="field-my-field"
          >
            My field
          </label>
        </div>
      </div>
      <div
        className="eight wide column"
      >
        <button
          className="ui button"
          onClick={[Function]}
          type="button"
        >
          Open
        </button>
      </div>
    </div>
  </div>
</div>
`;
