// Jest Snapshot v1, https://goo.gl/fbAQLP

exports[`Edit renders an add component 1`] = `
<div
  id="page-edit"
>
  <div />
  <h1>
    <span>
      Edit 
    </span>
  </h1>
  <div
    className="Form"
  />
</div>
`;

exports[`Edit renders an empty add component 1`] = `<div />`;
