// Jest Snapshot v1, https://goo.gl/fbAQLP

exports[`Controlpanels renders a controlpanels component 1`] = `
<div
  id="page-home"
>
  <h1>
    <span>
      Site Setup
    </span>
  </h1>
  <p
    className="description"
  >
    <span>
      Configuration area for Plone and add-on Products.
    </span>
  </p>
  <div>
    <h2
      className="ui top attached header"
    >
      General
    </h2>
    <div
      className="ui attached segment"
    >
      <div
        className="ui six column grid"
      >
        <div
          className="row"
        >
          <div
            className="column"
          >
            <a
              onClick={[Function]}
              style={Object {}}
            >
              <h3
                className="ui icon center aligned header"
              >
                <i
                  aria-hidden="true"
                  className="calendar icon"
                />
                <div
                  className="content"
                >
                  Date and Time
                </div>
              </h3>
            </a>
          </div>
          <div
            className="column"
          >
            <a
              onClick={[Function]}
              style={Object {}}
            >
              <h3
                className="ui icon center aligned header"
              >
                <i
                  aria-hidden="true"
                  className="setting icon"
                />
                <div
                  className="content"
                >
                  Language
                </div>
              </h3>
            </a>
          </div>
        </div>
      </div>
    </div>
  </div>
  <div>
    <h2
      className="ui top attached header"
    >
      Content
    </h2>
    <div
      className="ui attached segment"
    >
      <div
        className="ui six column grid"
      >
        <div
          className="row"
        >
          <div
            className="column"
          >
            <a
              onClick={[Function]}
              style={Object {}}
            >
              <h3
                className="ui icon center aligned header"
              >
                <i
                  aria-hidden="true"
                  className="write icon"
                />
                <div
                  className="content"
                >
                  Editing
                </div>
              </h3>
            </a>
          </div>
        </div>
      </div>
    </div>
  </div>
  <div>
    <h2
      className="ui top attached header"
    >
      Security
    </h2>
    <div
      className="ui attached segment"
    >
      <div
        className="ui six column grid"
      >
        <div
          className="row"
        >
          <div
            className="column"
          >
            <a
              onClick={[Function]}
              style={Object {}}
            >
              <h3
                className="ui icon center aligned header"
              >
                <i
                  aria-hidden="true"
                  className="lock icon"
                />
                <div
                  className="content"
                >
                  Security
                </div>
              </h3>
            </a>
          </div>
        </div>
      </div>
    </div>
  </div>
</div>
`;
