// Jest Snapshot v1, https://goo.gl/fbAQLP

exports[`DatabaseInformation renders a database information component 1`] = `null`;
