// Jest Snapshot v1, https://goo.gl/fbAQLP

exports[`SiteControlpanel renders a site setup controlpanel component 1`] = `
<div
  id="page-controlpanel"
>
  <div
    className="ui container"
  >
    <div
      id="form"
    />
  </div>
  <div
    id="Portal"
  />
</div>
`;
