// Jest Snapshot v1, https://goo.gl/fbAQLP

exports[`renders a footer component 1`] = `
<div
  className="ui darkgrey inverted vertical center aligned segment"
>
  <div
    className="ui container"
  >
    The 
    <a
      href="http://plone.com"
    >
      Plone
      <sup>
        ®
      </sup>
       Open Source CMS/WCM
    </a>
     is 
    <abbr
      title="Copyright"
    >
      ©
    </abbr>
     2000-2017 by the 
    <a
      href="http://plone.org/foundation"
    >
      Plone Foundation
    </a>
     and friends. Distributed under the 
    <a
      href="http://creativecommons.org/licenses/GPL/2.0/"
    >
      GNU GPL license
    </a>
    .
    <div
      className="ui divider"
    />
    <div
      className="ui horizontal list"
      role="list"
    >
      <a
        className="item"
        data-value={undefined}
        href="/sitemap"
        role="listitem"
      >
        Site Map
      </a>
      <a
        className="item"
        data-value={undefined}
        href="/accessibility-info"
        role="listitem"
      >
        Accessibility
      </a>
      <a
        className="item"
        data-value={undefined}
        href="/contact"
        role="listitem"
      >
        Contact
      </a>
      <a
        className="item"
        data-value={undefined}
        href="http://plone.com"
        role="listitem"
      >
        Powered by Plone & Python
      </a>
    </div>
  </div>
</div>
`;
