// Jest Snapshot v1, https://goo.gl/fbAQLP

exports[`renders a document view component 1`] = `
<div
  id="page-home"
>
  <h1>
    Hello World!
  </h1>
  <p>
    Hi
  </p>
  <p
    dangerouslySetInnerHTML={
      Object {
        "__html": "<p>Hello World!",
      }
    }
  />
</div>
`;
