// Jest Snapshot v1, https://goo.gl/fbAQLP

exports[`renders a tabular view component 1`] = `
<div
  id="page-home"
>
  <article
    id="content"
  >
    <header>
      <h1
        className="documentFirstHeading"
      >
        Hello World!
      </h1>
      <p
        className="description"
      >
        Hi
      </p>
    </header>
    <section
      id="content-core"
    >
      <table
        className="ui celled padded table"
      >
        <thead
          className=""
        >
          <tr
            className=""
          >
            <th
              className=""
            >
              Title
            </th>
            <th
              className=""
            >
              Description
            </th>
            <th
              className=""
            >
              Type
            </th>
            <th
              className=""
            >
              State
            </th>
          </tr>
        </thead>
        <tbody
          className=""
        >
          <tr
            className=""
          >
            <td
              className=""
            >
              <a
                className="summary url"
                onClick={[Function]}
                style={Object {}}
                title={undefined}
              >
                My item
              </a>
            </td>
            <td
              className=""
            >
              My item description
            </td>
            <td
              className=""
            />
            <td
              className=""
            />
          </tr>
        </tbody>
      </table>
    </section>
  </article>
</div>
`;
