// Jest Snapshot v1, https://goo.gl/fbAQLP

exports[`Delete renders a delete component 1`] = `
<div
  id="page-delete"
>
  <h1
    className="documentFirstHeading"
  >
    <span>
      Do you really want to delete this item?
    </span>
  </h1>
  <div
    className="ui bulleted list"
    role="list"
  >
    <div
      className="item"
      data-value={undefined}
      onClick={[Function]}
      role="listitem"
    >
      Blog
    </div>
  </div>
  <button
    className="ui primary button"
    onClick={[Function]}
    tabIndex={undefined}
  >
    <span>
      Ok
    </span>
  </button>
  <button
    className="ui button"
    onClick={[Function]}
    tabIndex={undefined}
  >
    <span>
      Cancel
    </span>
  </button>
</div>
`;

exports[`Delete renders an empty delete component 1`] = `<div />`;
