// Jest Snapshot v1, https://goo.gl/fbAQLP

exports[`Actions renders an actions component 1`] = `
<div
  aria-busy={undefined}
  aria-disabled={undefined}
  aria-expanded={false}
  aria-multiselectable={undefined}
  className="ui item left pointing dropdown"
  onBlur={[Function]}
  onChange={[Function]}
  onClick={[Function]}
  onFocus={[Function]}
  onMouseDown={[Function]}
  role="listbox"
  tabIndex={0}
>
  <span>
    <i
      aria-hidden="true"
      className="lightning icon"
    />
     Actions
  </span>
  <i
    aria-hidden="true"
    className="dropdown icon"
  />
  <div
    className="menu transition"
  >
    <div
      aria-checked={undefined}
      aria-disabled={undefined}
      aria-selected={undefined}
      className="item"
      onClick={[Function]}
      role="option"
    >
      <i
        aria-hidden="true"
        className="cut icon"
      />
      <span
        className="text"
      >
        Cut
      </span>
    </div>
    <div
      aria-checked={undefined}
      aria-disabled={undefined}
      aria-selected={undefined}
      className="item"
      onClick={[Function]}
      role="option"
    >
      <i
        aria-hidden="true"
        className="copy icon"
      />
      <span
        className="text"
      >
        Copy
      </span>
    </div>
    <div
      aria-checked={undefined}
      aria-disabled={true}
      aria-selected={undefined}
      className="disabled item"
      onClick={[Function]}
      role="option"
    >
      <i
        aria-hidden="true"
        className="paste icon"
      />
      <span
        className="text"
      >
        Paste
      </span>
    </div>
    <a
      className="item"
      onClick={[Function]}
      style={Object {}}
    >
      <i
        aria-hidden="true"
        className="trash icon"
      />
      Delete
    </a>
  </div>
</div>
`;
