// Jest Snapshot v1, https://goo.gl/fbAQLP

exports[`renders a tile component 1`] = `
<div>
  <div
    className="tile selected  "
    onClick={[Function]}
  >
    <div
      className="ui blue pointing below label"
      onClick={[Function]}
    >
      Title
    </div>
  </div>
</div>
`;
