// Jest Snapshot v1, https://goo.gl/fbAQLP

exports[`renders a view hero component 1`] = `
<div
  className="block hero"
>
  <div
    className="block-inner-wrapper"
  >
    <img
      alt=""
      className="hero-image"
      loading="lazy"
      role="img"
      sizes={null}
      src="/heroimage.jpg/@@images/image"
      srcSet="/heroimage.jpg/@@images/image/large 768w, /heroimage.jpg/@@images/image/preview 400w, /heroimage.jpg/@@images/image/mini 200w, /heroimage.jpg/@@images/image/thumb 128w, /heroimage.jpg/@@images/image/tile 64w, /heroimage.jpg/@@images/image/icon 32w, /heroimage.jpg/@@images/image/listing 16w"
    />
    <div
      className="hero-body"
    />
  </div>
</div>
`;
