// Jest Snapshot v1, https://goo.gl/fbAQLP

exports[`Form renders a form component 1`] = `
<form
  className="ui form"
  method="post"
  onSubmit={[Function]}
>
  <div
    className="ui error message"
  >
    <span>
      There were some errors.
    </span>
  </div>
  <div
    className="ui attached segment"
  >
    <div
      className="Field"
    />
  </div>
  <div
    className="ui bottom attached segment"
  >
    <button
      className="ui primary button"
      onClick={[Function]}
      tabIndex={undefined}
      type="submit"
    >
      <span>
        Save
      </span>
    </button>
    <button
      className="ui button"
      onClick={[Function]}
      tabIndex={undefined}
    >
      <span>
        Cancel
      </span>
    </button>
  </div>
</form>
`;
