// Jest Snapshot v1, https://goo.gl/fbAQLP

exports[`renders a not found component 1`] = `
<div
  className="container"
>
  <h1>
    Doh! 404!
  </h1>
  <p>
    These are 
    <em>
      not
    </em>
     the droids you are looking for!
  </p>
</div>
`;
