// Jest Snapshot v1, https://goo.gl/fbAQLP

exports[`renders a grid component 1`] = `
<div
  className="grid"
>
  <div />
  <div />
</div>
`;
