// Jest Snapshot v1, https://goo.gl/fbAQLP

exports[`Sharing renders a sharing component 1`] = `
<div
  id="page-sharing"
>
  <h1>
    <span>
      Sharing for 
      <q>
        Blog
      </q>
    </span>
  </h1>
  <p
    className="description"
  >
    <span>
      You can control who can view and edit your item using the list below.
    </span>
  </p>
  <form
    action={undefined}
    className="ui form"
    onSubmit={[Function]}
  >
    <div
      className="field"
    >
      <div
        className="ui action input"
      >
        <input
          disabled={undefined}
          name="SearchableText"
          onChange={[Function]}
          placeholder="Search for user or group"
          tabIndex={undefined}
          type="text"
        />
        <button
          className="ui button"
          disabled={undefined}
          onClick={[Function]}
          role="button"
          tabIndex={undefined}
        >
          Search
        </button>
      </div>
    </div>
  </form>
  <br />
  <form
    action={undefined}
    className="ui form"
    onSubmit={[Function]}
  >
    <table
      className="ui celled striped padded table"
    >
      <thead
        className=""
      >
        <tr
          className=""
        >
          <th
            className=""
          >
            <span>
              Name
            </span>
          </th>
          <th
            className=""
          >
            Contributer
          </th>
        </tr>
      </thead>
      <tbody
        className=""
      >
        <tr
          className=""
        >
          <td
            className=""
          >
            <i
              aria-hidden="true"
              className="user icon"
              title="User"
            />
             
            John Doe
             (john-doe)
          </td>
          <td
            className=""
          >
            <div
              className="ui checked disabled fitted checkbox"
              onChange={[Function]}
              onClick={[Function]}
              onMouseDown={[Function]}
            >
              <input
                checked={true}
                className="hidden"
                name={undefined}
                readOnly={true}
                tabIndex={-1}
                type="checkbox"
                value="john-doe.Contributer"
              />
              <label />
            </div>
          </td>
        </tr>
      </tbody>
    </table>
    <div
      className="field"
    >
      <div
        className="ui checked checkbox"
        onChange={[Function]}
        onClick={[Function]}
        onMouseDown={[Function]}
      >
        <input
          checked={true}
          className="hidden"
          name={undefined}
          readOnly={true}
          tabIndex={0}
          type="checkbox"
          value={undefined}
        />
        <label>
          Inherit permissions from higher levels
        </label>
      </div>
    </div>
    <p
      className="help"
    >
      <span>
        By default, permissions from the container of this item are inherited. If you disable this, only the explicitly defined sharing permissions will be valid. In the overview, the symbol 
        <i
          aria-hidden="true"
          className="green check circle icon"
        />
         indicates an inherited value. Similarly, the symbol 
        <i
          aria-hidden="true"
          className="blue check circle outline icon"
        />
         indicates a global role, which is managed by the site administrator.
      </span>
    </p>
    <button
      className="ui primary button"
      disabled={undefined}
      onClick={[Function]}
      role="button"
      tabIndex={undefined}
      type="submit"
    >
      <span>
        Save
      </span>
    </button>
    <button
      className="ui button"
      disabled={undefined}
      onClick={[Function]}
      role="button"
      tabIndex={undefined}
    >
      <span>
        Cancel
      </span>
    </button>
  </form>
</div>
`;
