// Jest Snapshot v1, https://goo.gl/fbAQLP

exports[`renders a view image component 1`] = `
<p
  className="block image align center"
>
  <img
    alt=""
    className=""
    loading="lazy"
    role="img"
    sizes={null}
    src="/test-images/@@images/image.jpeg"
    srcSet="/test-images/@@images/image.jpeg 768w, /test-images/@@images/image.jpeg 400w, /test-images/@@images/image.jpeg 200w, /test-images/@@images/image.jpeg 128w, /test-images/@@images/image.jpeg 64w, /test-images/@@images/image.jpeg 32w, /test-images/@@images/image.jpeg 16w"
  />
</p>
`;
